0 verbose cli /Users/sangjaeseo/.nvm/versions/node/v20.20.2/bin/node /Users/sangjaeseo/.nvm/versions/node/v20.20.2/bin/npm
1 info using npm@10.8.2
2 info using node@v20.20.2
3 silly config load:file:/Users/sangjaeseo/.nvm/versions/node/v20.20.2/lib/node_modules/npm/npmrc
4 silly config load:file:/Users/sangjaeseo/Library/Caches/typescript/4.9/.npmrc
5 silly config load:file:/Users/sangjaeseo/.npmrc
6 silly config load:file:/Users/sangjaeseo/.nvm/versions/node/v20.20.2/etc/npmrc
7 verbose title npm install types-registry@latest
8 verbose argv "install" "--ignore-scripts" "types-registry@latest"
9 verbose logfile logs-max:10 dir:/Users/sangjaeseo/BlueforgeProjects/okr/.npm-cache/_logs/2026-04-14T05_28_19_162Z-
10 verbose logfile /Users/sangjaeseo/BlueforgeProjects/okr/.npm-cache/_logs/2026-04-14T05_28_19_162Z-debug-0.log
11 silly packumentCache heap:4345298944 maxSize:1086324736 maxEntrySize:543162368
12 silly logfile done cleaning log files
13 silly packumentCache corgi:https://registry.npmjs.org/types-registry cache-miss
14 http fetch GET 200 https://registry.npmjs.org/types-registry 144ms (cache revalidated)
15 silly packumentCache corgi:https://registry.npmjs.org/types-registry set size:622112 disposed:false
16 silly idealTree buildDeps
17 silly fetch manifest types-registry@0.1.765
18 silly packumentCache full:https://registry.npmjs.org/types-registry cache-miss
19 http fetch GET 200 https://registry.npmjs.org/types-registry 32ms (cache revalidated)
20 silly packumentCache full:https://registry.npmjs.org/types-registry set size:1343988 disposed:false
21 silly placeDep ROOT types-registry@0.1.765 REPLACE for:  want: 0.1.765
22 silly reify moves {}
23 silly audit bulk request {
23 silly audit   '@tweenjs/tween.js': [ '23.1.3' ],
23 silly audit   '@types/inflight': [ '1.0.1' ],
23 silly audit   '@types/inherits': [ '0.0.33' ],
23 silly audit   '@types/node': [ '25.6.0' ],
23 silly audit   '@types/once': [ '1.4.5' ],
23 silly audit   '@types/path-is-absolute': [ '1.0.2' ],
23 silly audit   '@types/prop-types': [ '15.7.15' ],
23 silly audit   '@types/react': [ '18.3.12' ],
23 silly audit   '@types/react-dom': [ '18.3.1' ],
23 silly audit   '@types/stats.js': [ '0.17.4' ],
23 silly audit   '@types/three': [ '0.170.0' ],
23 silly audit   '@types/webxr': [ '0.5.24' ],
23 silly audit   '@webgpu/types': [ '0.1.69' ],
23 silly audit   csstype: [ '3.2.3' ],
23 silly audit   fflate: [ '0.8.2' ],
23 silly audit   meshoptimizer: [ '0.18.1' ],
23 silly audit   'undici-types': [ '7.19.2' ],
23 silly audit   'types-registry': [ '0.1.765' ]
23 silly audit }
24 http fetch POST 200 https://registry.npmjs.org/-/npm/v1/security/advisories/bulk 171ms
25 silly audit report {}
26 verbose cwd /Users/sangjaeseo/Library/Caches/typescript/4.9
27 verbose os Darwin 25.3.0
28 verbose node v20.20.2
29 verbose npm  v10.8.2
30 verbose exit 0
31 info ok
