0 verbose cli /Users/sangjaeseo/.nvm/versions/node/v20.20.2/bin/node /Users/sangjaeseo/.nvm/versions/node/v20.20.2/lib/node_modules/npm/bin/npm-cli.js
1 info using npm@10.8.2
2 info using node@v20.20.2
3 silly config load:file:/Users/sangjaeseo/.nvm/versions/node/v20.20.2/lib/node_modules/npm/npmrc
4 silly config load:file:/Users/sangjaeseo/.npmrc
5 silly config load:file:/Users/sangjaeseo/.nvm/versions/node/v20.20.2/etc/npmrc
6 verbose title npm exec typescript-language-server --stdio
7 verbose argv "exec" "--" "typescript-language-server" "--stdio"
8 verbose logfile logs-max:10 dir:/Users/sangjaeseo/BlueforgeProjects/okr/.npm-cache/_logs/2026-04-14T05_28_17_918Z-
9 verbose logfile /Users/sangjaeseo/BlueforgeProjects/okr/.npm-cache/_logs/2026-04-14T05_28_17_918Z-debug-0.log
10 silly logfile done cleaning log files
11 silly packumentCache heap:4345298944 maxSize:1086324736 maxEntrySize:543162368
12 http fetch GET 200 https://registry.npmjs.org/typescript-language-server 154ms (cache revalidated)
13 silly packumentCache heap:4345298944 maxSize:1086324736 maxEntrySize:543162368
14 silly packumentCache heap:4345298944 maxSize:1086324736 maxEntrySize:543162368
15 verbose cwd /Users/sangjaeseo/BlueforgeProjects/okr
16 verbose os Darwin 25.3.0
17 verbose node v20.20.2
18 verbose npm  v10.8.2
19 verbose exit 0
20 info ok
