0 verbose cli /Users/sangjaeseo/.nvm/versions/node/v20.20.2/bin/node /Users/sangjaeseo/.nvm/versions/node/v20.20.2/lib/node_modules/npm/bin/npm-cli.js
1 info using npm@10.8.2
2 info using node@v20.20.2
3 silly config load:file:/Users/sangjaeseo/.nvm/versions/node/v20.20.2/lib/node_modules/npm/npmrc
4 silly config load:file:/Users/sangjaeseo/BlueforgeProjects/okr/.npmrc
5 silly config load:file:/Users/sangjaeseo/.npmrc
6 silly config load:file:/Users/sangjaeseo/.nvm/versions/node/v20.20.2/etc/npmrc
7 verbose title npm exec typescript-language-server --stdio
8 verbose argv "exec" "--" "typescript-language-server" "--stdio"
9 verbose logfile logs-max:10 dir:/Users/sangjaeseo/BlueforgeProjects/okr/.npm-cache/_logs/2026-04-14T05_53_58_466Z-
10 verbose logfile /Users/sangjaeseo/BlueforgeProjects/okr/.npm-cache/_logs/2026-04-14T05_53_58_466Z-debug-0.log
11 silly logfile start cleaning logs, removing 1 files
12 silly logfile done cleaning log files
13 silly packumentCache heap:4345298944 maxSize:1086324736 maxEntrySize:543162368
14 http fetch GET 200 https://registry.npmjs.org/typescript-language-server 227ms (cache revalidated)
15 silly packumentCache heap:4345298944 maxSize:1086324736 maxEntrySize:543162368
16 silly packumentCache heap:4345298944 maxSize:1086324736 maxEntrySize:543162368
17 verbose cwd /Users/sangjaeseo/BlueforgeProjects/okr
18 verbose os Darwin 25.3.0
19 verbose node v20.20.2
20 verbose npm  v10.8.2
21 verbose exit 0
22 info ok
